Microchip MPLAB XC8 Compiler V2.45

Linker command line:

-W-3 \
  --edf=C:\Program Files\Microchip\xc8\v2.45\pic\dat\20230818022343_en.msgs \
  -cn -h+dist/default/production\CAR_BLACK_BOX_SHEKHAR.X.production.sym \
  --cmf=dist/default/production\CAR_BLACK_BOX_SHEKHAR.X.production.cmf -z \
  -Q18F4580 -oC:\Users\SHEKHAR\AppData\Local\Temp\xcAsla0.\driver_tmp_3.o \
  --defsym=__MPLAB_BUILD=1 --fixupoverflow=error \
  -Mdist/default/production/CAR_BLACK_BOX_SHEKHAR.X.production.map \
  --md=C:\Users\SHEKHAR\AppData\Local\Temp\xcAsla0.\driver_tmp_0.dat -E1 \
  -ver=XC8 Compiler --acfsm=1493 -ACODE=00h-03000h -ACONST=00h-03000h \
  -ASMALLCONST=0600h-06FFhx42,03000h-03000h -AMEDIUMCONST=0600h-03000h \
  -ACOMRAM=01h-05Fh -AABS1=00h-05FFh -ABIGRAM=01h-05FFh \
  -ARAM=060h-0FFh,0100h-01FFhx5 -ABANK0=060h-0FFh -ABANK1=0100h-01FFh \
  -ABANK2=0200h-02FFh -ABANK3=0300h-03FFh -ABANK4=0400h-04FFh \
  -ABANK5=0500h-05FFh -ASFR=0D00h-0DFFhx2,0F00h-0F5Fh,0F60h-0FFFh \
  -ABIGSFR=0D00h-0FFFh -ACONFIG=0300000h-030000Dh -AIDLOC=0200000h-0200007h \
  -AEEDATA=0F00000h-0F000FFh -peeprom_data=EEDATA \
  -preset_vec=00h,intcode,intcodelo,powerup,init -pramtop=0600h \
  -psmallconst=SMALLCONST -pmediumconst=MEDIUMCONST -pconst=CONST \
  -AFARRAM=00h-00h \
  -prdata=COMRAM,nvrram=COMRAM,nvbit=COMRAM,rbss=COMRAM,rbit=COMRAM \
  -pfarbss=FARRAM,fardata=FARRAM,nvFARRAM=FARRAM \
  -pintsave_regs=BIGRAM,bigbss=BIGRAM,bigdata=BIGRAM -pbss=RAM \
  -pidata=CODE,irdata=CODE,ibigdata=CODE,ifardata=CODE -prparam=COMRAM \
  C:\Users\SHEKHAR\AppData\Local\Temp\xcAsla0.\driver_tmp_9.o \
  dist/default/production\CAR_BLACK_BOX_SHEKHAR.X.production.o 

Object code version is 3.11

Machine type is 18F4580



                Name                               Link     Load   Length Selector   Space Scale
C:\Users\SHEKHAR\AppData\Local\Temp\xcAsla0.\driver_tmp_9.o
                idloc                            200000   200000        8        0       5
                config                           300000   300000        E        0       4
                init                                  0        0        4        0       0
dist/default/production\CAR_BLACK_BOX_SHEKHAR.X.production.o
                idloc                            200000   200000        8        0       5
                config                           300000   300000        E        0       4
                mediumconst                        2EB4     2EB4      14C     175A       0
                text45                              2CA      2CA       3A      165       0
                text44                              53A      53A       6C      29D       0
                text43                              1CE      1CE       18       E7       0
                text42                              690      690       7C      348       0
                text41                              61A      61A       76      30D       0
                text40                              168      168       12       B4       0
                text39                              120      120        8       90       0
                text38                              128      128        8       94       0
                text37                              140      140        C       A0       0
                text36                              304      304       40      182       0
                text35                             223A     223A      49A     111D       0
                text34                              422      422       56      211       0
                text33                             1640     1640      39A      B20       0
                text32                              B28      B28      106      594       0
                text31                              D40      D40      1B4      6A0       0
                text30                              158      158       10       AC       0
                text29                              97C      97C       C4      4BE       0
                text28                              8CC      8CC       B0      466       0
                text27                              C2E      C2E      112      617       0
                text26                              11A      11A        6       8D       0
                text25                              130      130        8       98       0
                text24                              14C      14C        C       A6       0
                text23                              138      138        8       9C       0
                text22                              24C      24C       2A      126       0
                text21                              70C      70C       84      386       0
                text20                              344      344       46      1A2       0
                text19                              EF4      EF4      1DE      77A       0
                text18                              276      276       2A      13B       0
                text17                              18C      18C       16       C6       0
                text16                              478      478       5E      23C       0
                text15                              2A0      2A0       2A      150       0
                text14                             10D2     10D2      22A      869       0
                text13                              204      204       20      102       0
                text12                              824      824       A8      412       0
                text11                              1E6      1E6       1E       F3       0
                text10                              38A      38A       48      1C5       0
                text9                               1A2      1A2       16       D1       0
                text8                               17A      17A       12       BD       0
                text7                               1B8      1B8       16       DC       0
                text6                               5A6      5A6       74      2D3       0
                text5                               4D6      4D6       64      26B       0
                text4                              19DA     19DA      41C      CED       0
                text3                              12FC     12FC      344      97E       0
                text2                              26D4     26D4      7E0     136A       0
                text1                              1DF6     1DF6      444      EFB       0
                text0                               A40      A40       E8      520       0
                cstackCOMRAM                          1        1       36        1       1
                bssBIGRAM                           1F0      1F0      140      1F0       1
                dataBANK1                           1A0      1A0       50      100       1
                bssBANK1                            100      100       A0      100       1
                dataBANK0                            9D       9D       28       60       1
                bssBANK0                             60       60       3D       60       1
                dataCOMRAM                           5F       5F        1        1       1
                bssCOMRAM                            37       37       28        1       1
                cinit                               790      790       94      3C8       0
                idataBANK1                          3D2      3D2       50      3D2       0
                idataBANK0                          224      224       28      224       0
                idataCOMRAM                        3000     3000        1     3000       0

TOTAL           Name                               Link     Load   Length     Space
        CLASS   CODE           
                init                                  0        0        4         0
                text45                              2CA      2CA       3A         0
                text44                              53A      53A       6C         0
                text43                              1CE      1CE       18         0
                text42                              690      690       7C         0
                text41                              61A      61A       76         0
                text40                              168      168       12         0
                text39                              120      120        8         0
                text38                              128      128        8         0
                text37                              140      140        C         0
                text36                              304      304       40         0
                text35                             223A     223A      49A         0
                text34                              422      422       56         0
                text33                             1640     1640      39A         0
                text32                              B28      B28      106         0
                text31                              D40      D40      1B4         0
                text30                              158      158       10         0
                text29                              97C      97C       C4         0
                text28                              8CC      8CC       B0         0
                text27                              C2E      C2E      112         0
                text26                              11A      11A        6         0
                text25                              130      130        8         0
                text24                              14C      14C        C         0
                text23                              138      138        8         0
                text22                              24C      24C       2A         0
                text21                              70C      70C       84         0
                text20                              344      344       46         0
                text19                              EF4      EF4      1DE         0
                text18                              276      276       2A         0
                text17                              18C      18C       16         0
                text16                              478      478       5E         0
                text15                              2A0      2A0       2A         0
                text14                             10D2     10D2      22A         0
                text13                              204      204       20         0
                text12                              824      824       A8         0
                text11                              1E6      1E6       1E         0
                text10                              38A      38A       48         0
                text9                               1A2      1A2       16         0
                text8                               17A      17A       12         0
                text7                               1B8      1B8       16         0
                text6                               5A6      5A6       74         0
                text5                               4D6      4D6       64         0
                text4                              19DA     19DA      41C         0
                text3                              12FC     12FC      344         0
                text2                              26D4     26D4      7E0         0
                text1                              1DF6     1DF6      444         0
                text0                               A40      A40       E8         0
                cinit                               790      790       94         0
                idataBANK1                          3D2      3D2       50         0
                idataBANK0                          224      224       28         0
                idataCOMRAM                        3000     3000        1         0

        CLASS   CONST          

        CLASS   SMALLCONST     

        CLASS   MEDIUMCONST    
                mediumconst                        2EB4     2EB4      14C         0

        CLASS   COMRAM         
                cstackCOMRAM                          1        1       36         1
                dataCOMRAM                           5F       5F        1         1
                bssCOMRAM                            37       37       28         1

        CLASS   ABS1           

        CLASS   BIGRAM         
                bssBIGRAM                           1F0      1F0      140         1

        CLASS   RAM            

        CLASS   BANK0          
                dataBANK0                            9D       9D       28         1
                bssBANK0                             60       60       3D         1

        CLASS   BANK1          
                dataBANK1                           1A0      1A0       50         1
                bssBANK1                            100      100       A0         1

        CLASS   BANK2          

        CLASS   BANK3          

        CLASS   BANK4          

        CLASS   BANK5          

        CLASS   SFR            

        CLASS   BIGSFR         

        CLASS   CONFIG         
                config                           300000   300000        E         4

        CLASS   IDLOC          
                idloc                            200000   200000        8         5

        CLASS   EEDATA         

        CLASS   FARRAM         

        CLASS   HEAP           

        CLASS   STACK          



SEGMENTS        Name                           Load    Length   Top    Selector   Space  Class

                reset_vec                      000000  000004  000004         0       0  CODE    
                cstackCOMRAM                   000001  00005F  000060         1       1  COMRAM  
                bssBANK0                       000060  000065  0000C5        60       1  BANK0   
                bssBANK1                       000100  0000F0  0001F0       100       1  BANK1   
                text26                         00011A  000006  000120        8D       0  CODE    
                text39                         000120  000008  000128        90       0  CODE    
                text38                         000128  000008  000130        94       0  CODE    
                text25                         000130  000008  000138        98       0  CODE    
                text23                         000138  000008  000140        9C       0  CODE    
                text37                         000140  00000C  00014C        A0       0  CODE    
                text24                         00014C  00000C  000158        A6       0  CODE    
                text30                         000158  000010  000168        AC       0  CODE    
                text40                         000168  000012  00017A        B4       0  CODE    
                text8                          00017A  000012  00018C        BD       0  CODE    
                text17                         00018C  000016  0001A2        C6       0  CODE    
                text9                          0001A2  000016  0001B8        D1       0  CODE    
                text7                          0001B8  000016  0001CE        DC       0  CODE    
                text43                         0001CE  000018  0001E6        E7       0  CODE    
                text11                         0001E6  00001E  000204        F3       0  CODE    
                bssBIGRAM                      0001F0  000140  000330       1F0       1  BIGRAM  
                text13                         000204  000020  000224       102       0  CODE    
                idataBANK0                     000224  000028  00024C       224       0  CODE    
                text22                         00024C  00002A  000276       126       0  CODE    
                text18                         000276  00002A  0002A0       13B       0  CODE    
                text15                         0002A0  00002A  0002CA       150       0  CODE    
                text45                         0002CA  00003A  000304       165       0  CODE    
                text36                         000304  000040  000344       182       0  CODE    
                text20                         000344  000046  00038A       1A2       0  CODE    
                text10                         00038A  000048  0003D2       1C5       0  CODE    
                idataBANK1                     0003D2  000050  000422       3D2       0  CODE    
                text34                         000422  000056  000478       211       0  CODE    
                text16                         000478  00005E  0004D6       23C       0  CODE    
                text5                          0004D6  000064  00053A       26B       0  CODE    
                text44                         00053A  00006C  0005A6       29D       0  CODE    
                text6                          0005A6  000074  00061A       2D3       0  CODE    
                text41                         00061A  000076  000690       30D       0  CODE    
                text42                         000690  00007C  00070C       348       0  CODE    
                text21                         00070C  000084  000790       386       0  CODE    
                cinit                          000790  000094  000824       3C8       0  CODE    
                text12                         000824  0000A8  0008CC       412       0  CODE    
                text28                         0008CC  0000B0  00097C       466       0  CODE    
                text29                         00097C  0000C4  000A40       4BE       0  CODE    
                text0                          000A40  0000E8  000B28       520       0  CODE    
                text32                         000B28  000106  000C2E       594       0  CODE    
                text27                         000C2E  000112  000D40       617       0  CODE    
                text31                         000D40  0001B4  000EF4       6A0       0  CODE    
                text19                         000EF4  0001DE  0010D2       77A       0  CODE    
                text14                         0010D2  00022A  0012FC       869       0  CODE    
                text3                          0012FC  000344  001640       97E       0  CODE    
                text33                         001640  00039A  0019DA       B20       0  CODE    
                text4                          0019DA  00041C  001DF6       CED       0  CODE    
                text1                          001DF6  000444  00223A       EFB       0  CODE    
                text35                         00223A  00049A  0026D4      111D       0  CODE    
                text2                          0026D4  0007E0  002EB4      136A       0  CODE    
                mediumconst                    002EB4  00014C  003000      175A       0  MEDIUMCO
                idataCOMRAM                    003000  000001  003001      3000       0  CODE    


UNUSED ADDRESS RANGES

        Name                Unused          Largest block    Delta
        BANK0            0000C5-0000FF               3B
        BANK3            000330-0003FF               D0
        BANK4            000400-0004FF              100
        BANK5            000500-0005FF              100
        BIGRAM           0000C5-0000FF               3B
                         000330-0005FF              2D0
        BIGSFR           000D00-000FFF              300
        CODE             000004-000119              116
        CONST            000004-000119              116
        EEDATA           F00000-F000FF              100
        RAM              0000C5-0000FF               3B
                         000330-0005FF              100
        SFR              000D00-000FFF              100

                                  Symbol Table

?___awdiv                      cstackCOMRAM 000001
?___awmod                      cstackCOMRAM 000009
?___fldiv                      cstackCOMRAM 00000F
?___fltol                      cstackCOMRAM 000028
?___lwdiv                      cstackCOMRAM 000001
?___lwmod                      cstackCOMRAM 000008
?___xxtofl                     cstackCOMRAM 000001
?_read_adc                     cstackCOMRAM 000001
_ABDEN                         (abs)        007DC0
_ABDOVF                        (abs)        007DC7
_ACKDT                         (abs)        007E2D
_ACKEN                         (abs)        007E2C
_ACQT0                         (abs)        007E03
_ACQT1                         (abs)        007E04
_ACQT2                         (abs)        007E05
_ADCON0                        (abs)        000FC2
_ADCON1                        (abs)        000FC1
_ADCS0                         (abs)        007E00
_ADCS1                         (abs)        007E01
_ADCS2                         (abs)        007E02
_ADFM                          (abs)        007E07
_ADON                          (abs)        007E10
_ADRESH                        (abs)        000FC4
_ADRESL                        (abs)        000FC3
_BCLIF                         (abs)        007D0B
_BRG16                         (abs)        007DC3
_BRGH                          (abs)        007D62
_CKE                           (abs)        007E3E
_CREN                          (abs)        007D5C
_GO                            (abs)        007E11
_GODONE                        (abs)        007E11
_PEN                           (abs)        007E2A
_PORTB                         (abs)        000F81
_PORTBbits                     (abs)        000F81
_PORTD                         (abs)        000F83
_RBPU                          (abs)        007F8F
_RC0                           (abs)        007C10
_RC1                           (abs)        007C11
_RC2                           (abs)        007C12
_RCEN                          (abs)        007E2B
_RCIE                          (abs)        007CED
_RCIF                          (abs)        007CF5
_RD7                           (abs)        007C1F
_RSEN                          (abs)        007E29
_RX9                           (abs)        007D5E
_SEN                           (abs)        007E28
_SENDB                         (abs)        007D63
_SMP                           (abs)        007E3F
_SPBRG                         (abs)        000FAF
_SPEN                          (abs)        007D5F
_SSPADD                        (abs)        000FC8
_SSPBUF                        (abs)        000FC9
_SSPCON1                       (abs)        000FC6
_SSPIF                         (abs)        007CF3
_SYNC                          (abs)        007D64
_TRISB                         (abs)        000F93
_TRISC                         (abs)        000F94
_TRISC3                        (abs)        007CA3
_TRISC4                        (abs)        007CA4
_TRISC6                        (abs)        007CA6
_TRISC7                        (abs)        007CA7
_TRISD                         (abs)        000F95
_TRISD7                        (abs)        007CAF
_TX9                           (abs)        007D66
_TXEN                          (abs)        007D65
_TXIE                          (abs)        007CEC
_TXIF                          (abs)        007CF4
_TXREG                         (abs)        000FAD
_VCFG0                         (abs)        007E0C
_VCFG1                         (abs)        007E0D
_WUE                           (abs)        007DC1
__HRAM                         (abs)        000000
__H__absolute__                __absolute__ 000000
__Habs1                        abs1         000000
__Hbank0                       bank0        000000
__Hbank1                       bank1        000000
__Hbank2                       bank2        000000
__Hbank3                       bank3        000000
__Hbank4                       bank4        000000
__Hbank5                       bank5        000000
__Hbigbss                      bigbss       000000
__Hbigdata                     bigdata      000000
__Hbigram                      bigram       000000
__Hbigsfr                      bigsfr       000000
__Hbss                         bss          000000
__HbssBANK0                    bssBANK0     000000
__HbssBANK1                    bssBANK1     000000
__HbssBIGRAM                   bssBIGRAM    000000
__HbssCOMRAM                   bssCOMRAM    000000
__Hcinit                       cinit        000000
__Hclrtext                     clrtext      000000
__Hcomram                      comram       000000
__Hconfig                      config       30000E
__Hconst                       const        000000
__HcstackCOMRAM                cstackCOMRAM 000000
__Hdata                        data         000000
__HdataBANK0                   dataBANK0    000000
__HdataBANK1                   dataBANK1    000000
__HdataCOMRAM                  dataCOMRAM   000000
__Heeprom_data                 eeprom_data  000000
__Hfarbss                      farbss       000000
__Hfardata                     fardata      000000
__Hheap                        heap         000000
__Hibigdata                    ibigdata     000000
__Hidata                       idata        000000
__HidataBANK0                  idataBANK0   000000
__HidataBANK1                  idataBANK1   000000
__HidataCOMRAM                 idataCOMRAM  000000
__Hidloc                       idloc        200008
__Hifardata                    ifardata     000000
__Hinit                        init         000004
__Hintcode                     intcode      000000
__Hintcode_body                intcode_body 000000
__Hintcodelo                   intcodelo    000000
__Hintentry                    intentry     000000
__Hintret                      intret       000000
__Hintsave_regs                intsave_regs 000000
__Hirdata                      irdata       000000
__Hmediumconst                 mediumconst  003000
__HnvFARRAM                    nvFARRAM     000000
__Hnvbit                       nvbit        000000
__Hnvrram                      nvrram       000000
__Hparam                       rparam       000000
__Hpowerup                     powerup      000000
__Hram                         ram          000000
__Hramtop                      ramtop       000600
__Hrbit                        rbit         000000
__Hrbss                        rbss         000000
__Hrdata                       rdata        000000
__Hreset_vec                   reset_vec    000000
__Hrparam                      rparam       000000
__Hsfr                         sfr          000000
__Hsmallconst                  smallconst   000000
__Hspace_0                     (abs)        003001
__Hspace_1                     (abs)        000330
__Hspace_2                     (abs)        000000
__Hspace_4                     (abs)        60000E
__Hstack                       stack        000000
__Hstruct                      struct       000000
__Htemp                        temp         000000
__Htext                        text         000000
__Htext0                       text0        000000
__Htext1                       text1        000000
__Htext10                      text10       000000
__Htext11                      text11       000000
__Htext12                      text12       000000
__Htext13                      text13       000000
__Htext14                      text14       000000
__Htext15                      text15       000000
__Htext16                      text16       000000
__Htext17                      text17       000000
__Htext18                      text18       000000
__Htext19                      text19       000000
__Htext2                       text2        000000
__Htext20                      text20       000000
__Htext21                      text21       000000
__Htext22                      text22       000000
__Htext23                      text23       000000
__Htext24                      text24       000000
__Htext25                      text25       000000
__Htext26                      text26       000000
__Htext27                      text27       000000
__Htext28                      text28       000000
__Htext29                      text29       000000
__Htext3                       text3        000000
__Htext30                      text30       000000
__Htext31                      text31       000000
__Htext32                      text32       000000
__Htext33                      text33       000000
__Htext34                      text34       000000
__Htext35                      text35       000000
__Htext36                      text36       000000
__Htext37                      text37       000000
__Htext38                      text38       000000
__Htext39                      text39       000000
__Htext4                       text4        000000
__Htext40                      text40       000000
__Htext41                      text41       000000
__Htext42                      text42       000000
__Htext43                      text43       000000
__Htext44                      text44       000000
__Htext45                      text45       000000
__Htext5                       text5        000000
__Htext6                       text6        000000
__Htext7                       text7        000000
__Htext8                       text8        000000
__Htext9                       text9        000000
__LRAM                         (abs)        000001
__L__absolute__                __absolute__ 000000
__Labs1                        abs1         000000
__Lbank0                       bank0        000000
__Lbank1                       bank1        000000
__Lbank2                       bank2        000000
__Lbank3                       bank3        000000
__Lbank4                       bank4        000000
__Lbank5                       bank5        000000
__Lbigbss                      bigbss       000000
__Lbigdata                     bigdata      000000
__Lbigram                      bigram       000000
__Lbigsfr                      bigsfr       000000
__Lbss                         bss          000000
__LbssBANK0                    bssBANK0     000000
__LbssBANK1                    bssBANK1     000000
__LbssBIGRAM                   bssBIGRAM    000000
__LbssCOMRAM                   bssCOMRAM    000000
__Lcinit                       cinit        000000
__Lclrtext                     clrtext      000000
__Lcomram                      comram       000000
__Lconfig                      config       000000
__Lconst                       const        000000
__LcstackCOMRAM                cstackCOMRAM 000000
__Ldata                        data         000000
__LdataBANK0                   dataBANK0    000000
__LdataBANK1                   dataBANK1    000000
__LdataCOMRAM                  dataCOMRAM   000000
__Leeprom_data                 eeprom_data  000000
__Lfarbss                      farbss       000000
__Lfardata                     fardata      000000
__Lheap                        heap         000000
__Libigdata                    ibigdata     000000
__Lidata                       idata        000000
__LidataBANK0                  idataBANK0   000000
__LidataBANK1                  idataBANK1   000000
__LidataCOMRAM                 idataCOMRAM  000000
__Lidloc                       idloc        000000
__Lifardata                    ifardata     000000
__Linit                        init         000000
__Lintcode                     intcode      000000
__Lintcode_body                intcode_body 000000
__Lintcodelo                   intcodelo    000000
__Lintentry                    intentry     000000
__Lintret                      intret       000000
__Lintsave_regs                intsave_regs 000000
__Lirdata                      irdata       000000
__Lmediumconst                 mediumconst  002EB4
__LnvFARRAM                    nvFARRAM     000000
__Lnvbit                       nvbit        000000
__Lnvrram                      nvrram       000000
__Lparam                       rparam       000000
__Lpowerup                     powerup      000000
__Lram                         ram          000000
__Lramtop                      ramtop       000600
__Lrbit                        rbit         000000
__Lrbss                        rbss         000000
__Lrdata                       rdata        000000
__Lreset_vec                   reset_vec    000000
__Lrparam                      rparam       000000
__Lsfr                         sfr          000000
__Lsmallconst                  smallconst   000000
__Lspace_0                     (abs)        000000
__Lspace_1                     (abs)        000000
__Lspace_2                     (abs)        000000
__Lspace_4                     (abs)        000000
__Lstack                       stack        000000
__Lstruct                      struct       000000
__Ltemp                        temp         000000
__Ltext                        text         000000
__Ltext0                       text0        000000
__Ltext1                       text1        000000
__Ltext10                      text10       000000
__Ltext11                      text11       000000
__Ltext12                      text12       000000
__Ltext13                      text13       000000
__Ltext14                      text14       000000
__Ltext15                      text15       000000
__Ltext16                      text16       000000
__Ltext17                      text17       000000
__Ltext18                      text18       000000
__Ltext19                      text19       000000
__Ltext2                       text2        000000
__Ltext20                      text20       000000
__Ltext21                      text21       000000
__Ltext22                      text22       000000
__Ltext23                      text23       000000
__Ltext24                      text24       000000
__Ltext25                      text25       000000
__Ltext26                      text26       000000
__Ltext27                      text27       000000
__Ltext28                      text28       000000
__Ltext29                      text29       000000
__Ltext3                       text3        000000
__Ltext30                      text30       000000
__Ltext31                      text31       000000
__Ltext32                      text32       000000
__Ltext33                      text33       000000
__Ltext34                      text34       000000
__Ltext35                      text35       000000
__Ltext36                      text36       000000
__Ltext37                      text37       000000
__Ltext38                      text38       000000
__Ltext39                      text39       000000
__Ltext4                       text4        000000
__Ltext40                      text40       000000
__Ltext41                      text41       000000
__Ltext42                      text42       000000
__Ltext43                      text43       000000
__Ltext44                      text44       000000
__Ltext45                      text45       000000
__Ltext5                       text5        000000
__Ltext6                       text6        000000
__Ltext7                       text7        000000
__Ltext8                       text8        000000
__Ltext9                       text9        000000
__S0                           (abs)        003001
__S1                           (abs)        000330
__S4                           (abs)        000000
__S5                           (abs)        000000
___awdiv                       text29       00097C
___awdiv@counter               cstackCOMRAM 000005
___awdiv@dividend              cstackCOMRAM 000001
___awdiv@divisor               cstackCOMRAM 000003
___awdiv@quotient              cstackCOMRAM 000007
___awdiv@sign                  cstackCOMRAM 000006
___awmod                       text28       0008CC
___awmod@counter               cstackCOMRAM 00000D
___awmod@dividend              cstackCOMRAM 000009
___awmod@divisor               cstackCOMRAM 00000B
___awmod@sign                  cstackCOMRAM 00000E
___fldiv                       text33       001640
___fldiv@a                     cstackCOMRAM 000013
___fldiv@aexp                  cstackCOMRAM 000027
___fldiv@b                     cstackCOMRAM 00000F
___fldiv@bexp                  cstackCOMRAM 000026
___fldiv@grs                   cstackCOMRAM 000022
___fldiv@new_exp               cstackCOMRAM 000020
___fldiv@rem                   cstackCOMRAM 00001B
___fldiv@sign                  cstackCOMRAM 00001F
___fltol                       text32       000B28
___fltol@exp1                  cstackCOMRAM 000031
___fltol@f1                    cstackCOMRAM 000028
___fltol@sign1                 cstackCOMRAM 000030
___heap_hi                     (abs)        000000
___heap_lo                     (abs)        000000
___inthi_sp                    stack        000000
___inthi_stack_hi              stack        000000
___inthi_stack_lo              stack        000000
___intlo_sp                    stack        000000
___intlo_stack_hi              stack        000000
___intlo_stack_lo              stack        000000
___lwdiv                       text6        0005A6
___lwdiv@counter               cstackCOMRAM 000007
___lwdiv@dividend              cstackCOMRAM 000001
___lwdiv@divisor               cstackCOMRAM 000003
___lwdiv@quotient              cstackCOMRAM 000005
___lwmod                       text5        0004D6
___lwmod@counter               cstackCOMRAM 00000C
___lwmod@dividend              cstackCOMRAM 000008
___lwmod@divisor               cstackCOMRAM 00000A
___param_bank                  (abs)        000000
___rparam_used                 (abs)        000001
___sp                          stack        000000
___stack_hi                    stack        000000
___stack_lo                    stack        000000
___xxtofl                      text31       000D40
___xxtofl@arg                  cstackCOMRAM 00000B
___xxtofl@exp                  cstackCOMRAM 00000A
___xxtofl@sign                 cstackCOMRAM 000009
___xxtofl@val                  cstackCOMRAM 000001
__accesstop                    (abs)        000060
__activetblptr                 (abs)        000002
__end_of___awdiv               text29       000A40
__end_of___awmod               text28       00097C
__end_of___fldiv               text33       0019DA
__end_of___fltol               text32       000C2E
__end_of___lwdiv               text6        00061A
__end_of___lwmod               text5        00053A
__end_of___xxtofl              text31       000EF4
__end_of__initialization       cinit        00081A
__end_of_change_password       text35       0026D4
__end_of_clcd_print            text44       0005A6
__end_of_clcd_putch            text43       0001E6
__end_of_clcd_write            text45       000304
__end_of_clear_log             text34       000478
__end_of_dash_board            text19       0010D2
__end_of_display_time          text30       000168
__end_of_download_log          text14       0012FC
__end_of_e_store               text27       000D40
__end_of_get_time              text21       000790
__end_of_i2c_idle              text40       00017A
__end_of_i2c_no_ack            text26       000120
__end_of_i2c_read              text24       000158
__end_of_i2c_rep_start         text23       000140
__end_of_i2c_rx_mode           text25       000138
__end_of_i2c_start             text39       000128
__end_of_i2c_stop              text38       000130
__end_of_i2c_write             text37       00014C
__end_of_init_adc              text13       000224
__end_of_init_clcd             text12       0008CC
__end_of_init_config           text7        0001CE
__end_of_init_ds1307           text10       0003D2
__end_of_init_i2c              text9        0001B8
__end_of_init_matrix_keypad    text8        00018C
__end_of_init_uart             text18       0002A0
__end_of_login                 text4        001DF6
__end_of_main                  text0        000B28
__end_of_menu_car              text3        001640
__end_of_putch                 text17       0001A2
__end_of_puts                  text16       0004D6
__end_of_read_adc              text20       00038A
__end_of_read_ds1307           text22       000276
__end_of_read_external_eeprom  text15       0002CA
__end_of_read_switches         text41       000690
__end_of_scan_key              text42       00070C
__end_of_set_time              text2        002EB4
__end_of_view_log              text1        00223A
__end_of_write_ds1307          text11       000204
__end_of_write_external_eeprom text36       000344
__initialization               cinit        000790
__mediumconst                  mediumconst  002EB4
__pbssBANK0                    bssBANK0     000060
__pbssBANK1                    bssBANK1     000100
__pbssBIGRAM                   bssBIGRAM    0001F0
__pbssCOMRAM                   bssCOMRAM    000037
__pcinit                       cinit        000790
__pcstackCOMRAM                cstackCOMRAM 000001
__pdataBANK0                   dataBANK0    00009D
__pdataBANK1                   dataBANK1    0001A0
__pdataCOMRAM                  dataCOMRAM   00005F
__pidataBANK0                  idataBANK0   000224
__pidataBANK1                  idataBANK1   0003D2
__pidataCOMRAM                 idataCOMRAM  003000
__pmediumconst                 mediumconst  002EB4
__ptext0                       text0        000A40
__ptext1                       text1        001DF6
__ptext10                      text10       00038A
__ptext11                      text11       0001E6
__ptext12                      text12       000824
__ptext13                      text13       000204
__ptext14                      text14       0010D2
__ptext15                      text15       0002A0
__ptext16                      text16       000478
__ptext17                      text17       00018C
__ptext18                      text18       000276
__ptext19                      text19       000EF4
__ptext2                       text2        0026D4
__ptext20                      text20       000344
__ptext21                      text21       00070C
__ptext22                      text22       00024C
__ptext23                      text23       000138
__ptext24                      text24       00014C
__ptext25                      text25       000130
__ptext26                      text26       00011A
__ptext27                      text27       000C2E
__ptext28                      text28       0008CC
__ptext29                      text29       00097C
__ptext3                       text3        0012FC
__ptext30                      text30       000158
__ptext31                      text31       000D40
__ptext32                      text32       000B28
__ptext33                      text33       001640
__ptext34                      text34       000422
__ptext35                      text35       00223A
__ptext36                      text36       000304
__ptext37                      text37       000140
__ptext38                      text38       000128
__ptext39                      text39       000120
__ptext4                       text4        0019DA
__ptext40                      text40       000168
__ptext41                      text41       00061A
__ptext42                      text42       000690
__ptext43                      text43       0001CE
__ptext44                      text44       00053A
__ptext45                      text45       0002CA
__ptext5                       text5        0004D6
__ptext6                       text6        0005A6
__ptext7                       text7        0001B8
__ptext8                       text8        00017A
__ptext9                       text9        0001A2
__ramtop                       ramtop       000600
__smallconst                   smallconst   000000
_address                       bssBANK0     00007C
_arr                           bssBANK0     00006C
_arr1                          bssBANK0     000070
_array                         bssBIGRAM    0001F0
_array1                        bssBANK1     000100
_change_password               text35       00223A
_clcd_print                    text44       00053A
_clcd_putch                    text43       0001CE
_clcd_write                    text45       0002CA
_clear_flag                    bssBANK0     000090
_clear_log                     text34       000422
_clock_reg                     bssCOMRAM    000037
_count1                        bssBANK0     00008E
_dash_board                    text19       000EF4
_delay                         bssCOMRAM    00004E
_delay11                       bssBANK0     000076
_delay12                       bssBANK0     000074
_display_time                  text30       000158
_download_log                  text14       0010D2
_e_flag                        bssBANK0     000082
_e_store                       text27       000C2E
_event                         bssCOMRAM    000054
_event_count                   bssCOMRAM    000044
_flag                          dataBANK0    0000A7
_flag@menu$F308                bssCOMRAM    000050
_flag_t                        bssCOMRAM    000040
_get_time                      text21       00070C
_hr                            bssCOMRAM    00003E
_i                             bssCOMRAM    000058
_i2c_idle                      text40       000168
_i2c_no_ack                    text26       00011A
_i2c_read                      text24       00014C
_i2c_rep_start                 text23       000138
_i2c_rx_mode                   text25       000130
_i2c_start                     text39       000120
_i2c_stop                      text38       000128
_i2c_write                     text37       000140
_init_adc                      text13       000204
_init_clcd                     text12       000824
_init_config                   text7        0001B8
_init_ds1307                   text10       00038A
_init_i2c                      text9        0001A2
_init_matrix_keypad            text8        00017A
_init_uart                     text18       000276
_j                             bssCOMRAM    000052
_key                           bssCOMRAM    00005C
_key_mkp                       bssBANK0     000092
_left                          dataBANK0    0000A5
_login                         text4        0019DA
_main                          text0        000A40
_menu                          dataBANK1    0001A0
_menu_car                      text3        0012FC
_menu_index                    bssCOMRAM    00004A
_mn                            bssCOMRAM    00003C
_new                           bssBANK0     000064
_once                          dataBANK0    00009D
_one                           dataBANK0    0000A9
_putch                         text17       00018C
_puts                          text16       000478
_read_adc                      text20       000344
_read_ds1307                   text22       00024C
_read_external_eeprom          text15       0002A0
_read_switches                 text41       00061A
_renew                         bssBANK0     000060
_right                         bssBANK0     00008A
_s                             dataBANK0    0000AB
_scan_key                      text42       000690
_scroll                        bssBANK0     00007E
_sec                           bssCOMRAM    00003A
_second                        bssBANK0     000088
_set_time                      text2        0026D4
_shift                         bssCOMRAM    00005A
_speed                         bssBANK0     00008C
_star_flag                     bssBANK0     000086
_str                           dataBANK0    0000AD
_time                          bssBANK0     000094
_val                           bssCOMRAM    000056
_view_flag                     bssBANK0     000080
_view_log                      text1        001DF6
_wait                          bssCOMRAM    00004C
_wait1                         bssBANK0     000068
_worng                         bssBANK0     000084
_write_ds1307                  text11       0001E6
_write_external_eeprom         text36       000304
change_password@count2         dataBANK0    0000A1
change_password@delay12        bssCOMRAM    000046
change_password@flag           dataBANK0    00009F
change_password@i              bssCOMRAM    000048
change_password@j              cstackCOMRAM 000017
change_password@key            cstackCOMRAM 000015
change_password@w              cstackCOMRAM 000019
clcd_print@addr                cstackCOMRAM 000005
clcd_print@data                cstackCOMRAM 000003
clcd_putch@addr                cstackCOMRAM 00000F
clcd_putch@data                cstackCOMRAM 000010
clcd_write@byte                cstackCOMRAM 000002
clcd_write@control_bit         cstackCOMRAM 000001
dash_board@key                 cstackCOMRAM 000035
dash_board@var                 cstackCOMRAM 000033
download_log@i                 cstackCOMRAM 00000A
download_log@j                 cstackCOMRAM 00000C
e_store@address                bssCOMRAM    000042
e_store@i                      cstackCOMRAM 000013
e_store@j                      cstackCOMRAM 000015
end_of_initialization          cinit        00081A
i2c_write@data                 cstackCOMRAM 000001
init_ds1307@dummy              cstackCOMRAM 000004
intlevel0                      text         000000
intlevel1                      text         000000
intlevel2                      text         000000
intlevel3                      text         000000
isa$std                        (abs)        000001
isa$xinst                      (abs)        000000
login@i                        cstackCOMRAM 000017
login@j                        cstackCOMRAM 000013
login@left                     dataBANK0    0000A3
putch@byte                     cstackCOMRAM 000001
puts@s                         cstackCOMRAM 000002
read_adc@channel               cstackCOMRAM 000007
read_adc@reg_val               cstackCOMRAM 000005
read_ds1307@address            cstackCOMRAM 000002
read_ds1307@data               cstackCOMRAM 000003
read_external_eeprom@address1  cstackCOMRAM 000002
read_external_eeprom@data      cstackCOMRAM 000003
read_switches@detection_type   cstackCOMRAM 000001
read_switches@key              bssCOMRAM    00005E
read_switches@once             dataCOMRAM   00005F
set_time@w                     cstackCOMRAM 000013
set_time@w_481                 cstackCOMRAM 000017
set_time@w_482                 cstackCOMRAM 00001B
set_time@w_483                 cstackCOMRAM 00001D
set_time@w_484                 cstackCOMRAM 00001F
stackhi                        (abs)        000000
stacklo                        (abs)        000000
start                          init         000000
start_initialization           cinit        000790
view_log@delay11               bssBANK0     00007A
view_log@delay12               bssBANK0     000078
view_log@i                     cstackCOMRAM 000019
view_log@i_457                 cstackCOMRAM 00001B
view_log@j                     cstackCOMRAM 00001D
view_log@key                   cstackCOMRAM 000017
write_ds1307@address           cstackCOMRAM 000003
write_ds1307@data              cstackCOMRAM 000002
write_external_eeprom@address1 cstackCOMRAM 000012
write_external_eeprom@data     cstackCOMRAM 00000F
write_external_eeprom@i        cstackCOMRAM 000010


MODULE INFORMATION

Module		Function		Class		Link	Load	Size
login.c
		_login         		CODE           	19DA	0000	1052

login.c estimated size: 1052

download_log.c
		_download_log  		CODE           	10D2	0000	554

download_log.c estimated size: 554

dash_board.c
		_display_time  		CODE           	0158	0000	16
		_dash_board    		CODE           	0EF4	0000	478
		_get_time      		CODE           	070C	0000	132

dash_board.c estimated size: 626

i2c.c
		_i2c_start     		CODE           	0120	0000	8
		_i2c_no_ack    		CODE           	011A	0000	6
		_i2c_rep_start 		CODE           	0138	0000	8
		_i2c_idle      		CODE           	0168	0000	18
		_i2c_write     		CODE           	0140	0000	12
		_i2c_stop      		CODE           	0128	0000	8
		_i2c_read      		CODE           	014C	0000	12
		_init_i2c      		CODE           	01A2	0000	22
		_i2c_rx_mode   		CODE           	0130	0000	8

i2c.c estimated size: 102

ds1307.c
		_read_ds1307   		CODE           	024C	0000	42
		_write_ds1307  		CODE           	01E6	0000	30
		_init_ds1307   		CODE           	038A	0000	72

ds1307.c estimated size: 144

e_store.c
		_e_store       		CODE           	0C2E	0000	274

e_store.c estimated size: 274

adc.c
		_init_adc      		CODE           	0204	0000	32
		_read_adc      		CODE           	0344	0000	70

adc.c estimated size: 102

C:\Program Files\Microchip\xc8\v2.45\pic\sources\c99\common\sprcdiv.c
		___fldiv       		CODE           	1640	0000	922

C:\Program Files\Microchip\xc8\v2.45\pic\sources\c99\common\sprcdiv.c estimated size: 922

mkp.c
		_init_matrix_keypad		CODE           	017A	0000	18
		_read_switches 		CODE           	061A	0000	118
		_scan_key      		CODE           	0690	0000	124

mkp.c estimated size: 260

C:\Program Files\Microchip\xc8\v2.45\pic\sources\c99\common\lwmod.c
		___lwmod       		CODE           	04D6	0000	100

C:\Program Files\Microchip\xc8\v2.45\pic\sources\c99\common\lwmod.c estimated size: 100

C:\Program Files\Microchip\xc8\v2.45\pic\sources\c99\common\awmod.c
		___awmod       		CODE           	08CC	0000	176

C:\Program Files\Microchip\xc8\v2.45\pic\sources\c99\common\awmod.c estimated size: 176

clear_log.c
		_clear_log     		CODE           	0422	0000	86

clear_log.c estimated size: 86

change_password.c
		_change_password		CODE           	223A	0000	1178

change_password.c estimated size: 1178

shared
		__initialization		CODE           	0790	0000	138

shared estimated size: 138

C:\Program Files\Microchip\xc8\v2.45\pic\sources\c99\common\xxtofl.c
		___xxtofl      		CODE           	0D40	0000	436

C:\Program Files\Microchip\xc8\v2.45\pic\sources\c99\common\xxtofl.c estimated size: 436

clcd.c
		_clcd_write    		CODE           	02CA	0000	58
		_clcd_print    		CODE           	053A	0000	108
		_clcd_putch    		CODE           	01CE	0000	24
		_init_clcd     		CODE           	0824	0000	168

clcd.c estimated size: 358

menu.c
		_menu_car      		CODE           	12FC	0000	836

menu.c estimated size: 836

set_time.c
		_set_time      		CODE           	26D4	0000	2016

set_time.c estimated size: 2016

ext_eeprom.c
		_write_external_eeprom		CODE           	0304	0000	64
		_read_external_eeprom		CODE           	02A0	0000	42

ext_eeprom.c estimated size: 106

main.c
		_main          		CODE           	0A40	0000	232
		_init_config   		CODE           	01B8	0000	22

main.c estimated size: 254

view_log.c
		_view_log      		CODE           	1DF6	0000	1092

view_log.c estimated size: 1092

C:\Program Files\Microchip\xc8\v2.45\pic\sources\c99\common\lwdiv.c
		___lwdiv       		CODE           	05A6	0000	116

C:\Program Files\Microchip\xc8\v2.45\pic\sources\c99\common\lwdiv.c estimated size: 116

u_art.c
		_putch         		CODE           	018C	0000	22
		_init_uart     		CODE           	0276	0000	42
		_puts          		CODE           	0478	0000	94

u_art.c estimated size: 158

C:\Program Files\Microchip\xc8\v2.45\pic\sources\c99\common\awdiv.c
		___awdiv       		CODE           	097C	0000	196

C:\Program Files\Microchip\xc8\v2.45\pic\sources\c99\common\awdiv.c estimated size: 196

C:\Program Files\Microchip\xc8\v2.45\pic\sources\c99\common\fltol.c
		___fltol       		CODE           	0B28	0000	262

C:\Program Files\Microchip\xc8\v2.45\pic\sources\c99\common\fltol.c estimated size: 262

